     1 00000000                                 [FORMAT "WCOFF"]
     2 00000000                                 [INSTRSET "i486p"]
     3 00000000                                 [OPTIMIZE 1]
     4 00000000                                 [OPTION 1]
     5 00000000                                 [BITS 32]
     6 00000000                                 	EXTERN	_task_now
     7 00000000                                 	EXTERN	_memman_alloc_4k
     8 00000000                                 	EXTERN	_fifo32_init
     9 00000000                                 	EXTERN	_timer_alloc
    10 00000000                                 	EXTERN	_timer_init
    11 00000000                                 	EXTERN	_timer_settime
    12 00000000                                 	EXTERN	_file_readfat
    13 00000000                                 	EXTERN	_io_cli
    14 00000000                                 	EXTERN	_fifo32_status
    15 00000000                                 	EXTERN	_fifo32_get
    16 00000000                                 	EXTERN	_io_sti
    17 00000000                                 	EXTERN	_boxfill8
    18 00000000                                 	EXTERN	_sheet_refresh
    19 00000000                                 	EXTERN	_task_sleep
    20 00000000                                 	EXTERN	_putfonts8_asc_sht
    21 00000000                                 	EXTERN	_memman_total
    22 00000000                                 	EXTERN	_sprintf
    23 00000000                                 	EXTERN	_file_search
    24 00000000                                 	EXTERN	_file_loadfile
    25 00000000                                 	EXTERN	_memman_free_4k
    26 00000000                                 	EXTERN	_set_segmdesc
    27 00000000                                 	EXTERN	_farcall
    28 00000000                                 [FILE "console.c"]
    29                                          [SECTION .text]
    30 00000000                                 	GLOBAL	_console_task
    31 00000000                                 _console_task:
    32 00000000 55                              	PUSH	EBP
    33 00000001 89 E5                           	MOV	EBP,ESP
    34 00000003 57                              	PUSH	EDI
    35 00000004 56                              	PUSH	ESI
    36 00000005 53                              	PUSH	EBX
    37 00000006 8D 9D FFFFFDE4                  	LEA	EBX,DWORD [-540+EBP]
    38 0000000C 81 EC 0000023C                  	SUB	ESP,572
    39 00000012 E8 [00000000]                   	CALL	_task_now
    40 00000017 68 00002D00                     	PUSH	11520
    41 0000001C 68 003C0000                     	PUSH	3932160
    42 00000021 89 85 FFFFFDC0                  	MOV	DWORD [-576+EBP],EAX
    43 00000027 E8 [00000000]                   	CALL	_memman_alloc_4k
    44 0000002C 8B B5 FFFFFDC0                  	MOV	ESI,DWORD [-576+EBP]
    45 00000032 C7 85 FFFFFDE8 00000008         	MOV	DWORD [-536+EBP],8
    46 0000003C 89 85 FFFFFDBC                  	MOV	DWORD [-580+EBP],EAX
    47 00000042 83 C6 10                        	ADD	ESI,16
    48 00000045 8B 45 08                        	MOV	EAX,DWORD [8+EBP]
    49 00000048 89 85 FFFFFDE4                  	MOV	DWORD [-540+EBP],EAX
    50 0000004E 8D 85 FFFFFDF4                  	LEA	EAX,DWORD [-524+EBP]
    51 00000054 C7 85 FFFFFDEC 0000001C         	MOV	DWORD [-532+EBP],28
    52 0000005E C7 85 FFFFFDF0 FFFFFFFF         	MOV	DWORD [-528+EBP],-1
    53 00000068 89 1D 00000FEC                  	MOV	DWORD [4076],EBX
    54 0000006E FF B5 FFFFFDC0                  	PUSH	DWORD [-576+EBP]
    55 00000074 50                              	PUSH	EAX
    56 00000075 68 00000080                     	PUSH	128
    57 0000007A 56                              	PUSH	ESI
    58 0000007B E8 [00000000]                   	CALL	_fifo32_init
    59 00000080 E8 [00000000]                   	CALL	_timer_alloc
    60 00000085 6A 01                           	PUSH	1
    61 00000087 56                              	PUSH	ESI
    62 00000088 89 C7                           	MOV	EDI,EAX
    63 0000008A 50                              	PUSH	EAX
    64 0000008B E8 [00000000]                   	CALL	_timer_init
    65 00000090 83 C4 24                        	ADD	ESP,36
    66 00000093 6A 32                           	PUSH	50
    67 00000095 57                              	PUSH	EDI
    68 00000096 E8 [00000000]                   	CALL	_timer_settime
    69 0000009B 68 00100200                     	PUSH	1049088
    70 000000A0 FF B5 FFFFFDBC                  	PUSH	DWORD [-580+EBP]
    71 000000A6 E8 [00000000]                   	CALL	_file_readfat
    72 000000AB 6A 01                           	PUSH	1
    73 000000AD 6A 3E                           	PUSH	62
    74 000000AF 53                              	PUSH	EBX
    75 000000B0 E8 00000237                     	CALL	_cons_putchar
    76 000000B5 83 C4 1C                        	ADD	ESP,28
    77 000000B8                                 L2:
    78 000000B8 E8 [00000000]                   	CALL	_io_cli
    79 000000BD 8B 9D FFFFFDC0                  	MOV	EBX,DWORD [-576+EBP]
    80 000000C3 83 C3 10                        	ADD	EBX,16
    81 000000C6 53                              	PUSH	EBX
    82 000000C7 E8 [00000000]                   	CALL	_fifo32_status
    83 000000CC 5E                              	POP	ESI
    84 000000CD 85 C0                           	TEST	EAX,EAX
    85 000000CF 0F 84 00000201                  	JE	L24
    86 000000D5 53                              	PUSH	EBX
    87 000000D6 E8 [00000000]                   	CALL	_fifo32_get
    88 000000DB 89 C6                           	MOV	ESI,EAX
    89 000000DD E8 [00000000]                   	CALL	_io_sti
    90 000000E2 59                              	POP	ECX
    91 000000E3 83 FE 01                        	CMP	ESI,1
    92 000000E6 0F 8E 00000197                  	JLE	L25
    93 000000EC                                 L7:
    94 000000EC 83 FE 02                        	CMP	ESI,2
    95 000000EF 0F 84 0000017F                  	JE	L26
    96 000000F5                                 L12:
    97 000000F5 83 FE 03                        	CMP	ESI,3
    98 000000F8 0F 84 0000013F                  	JE	L27
    99 000000FE                                 L13:
   100 000000FE 8D 9E FFFFFF00                  	LEA	EBX,DWORD [-256+ESI]
   101 00000104 89 9D FFFFFDB8                  	MOV	DWORD [-584+EBP],EBX
   102 0000010A 81 FB 000000FF                  	CMP	EBX,255
   103 00000110 77 54                           	JA	L14
   104 00000112 81 FE 00000108                  	CMP	ESI,264
   105 00000118 0F 84 000000F6                  	JE	L28
   106 0000011E 81 FE 0000010A                  	CMP	ESI,266
   107 00000124 0F 84 00000099                  	JE	L29
   108 0000012A 8B 8D FFFFFDE8                  	MOV	ECX,DWORD [-536+EBP]
   109 00000130 81 F9 000000EF                  	CMP	ECX,239
   110 00000136 7F 2E                           	JG	L14
   111 00000138 89 C8                           	MOV	EAX,ECX
   112 0000013A BA 00000008                     	MOV	EDX,8
   113 0000013F 89 D3                           	MOV	EBX,EDX
   114 00000141 6A 01                           	PUSH	1
   115 00000143 99                              	CDQ
   116 00000144 F7 FB                           	IDIV	EBX
   117 00000146 89 C1                           	MOV	ECX,EAX
   118 00000148 89 F0                           	MOV	EAX,ESI
   119 0000014A 88 84 0D FFFFFDC2               	MOV	BYTE [-574+EBP+ECX*1],AL
   120 00000151 8D 85 FFFFFDE4                  	LEA	EAX,DWORD [-540+EBP]
   121 00000157 FF B5 FFFFFDB8                  	PUSH	DWORD [-584+EBP]
   122 0000015D 50                              	PUSH	EAX
   123 0000015E                                 L22:
   124 0000015E E8 00000189                     	CALL	_cons_putchar
   125 00000163                                 L23:
   126 00000163 83 C4 0C                        	ADD	ESP,12
   127 00000166                                 L14:
   128 00000166 83 BD FFFFFDF0 00               	CMP	DWORD [-528+EBP],0
   129 0000016D 78 2E                           	JS	L21
   130 0000016F 8B 8D FFFFFDEC                  	MOV	ECX,DWORD [-532+EBP]
   131 00000175 8B 95 FFFFFDE8                  	MOV	EDX,DWORD [-536+EBP]
   132 0000017B 8D 41 0F                        	LEA	EAX,DWORD [15+ECX]
   133 0000017E 50                              	PUSH	EAX
   134 0000017F 8D 42 07                        	LEA	EAX,DWORD [7+EDX]
   135 00000182 50                              	PUSH	EAX
   136 00000183 51                              	PUSH	ECX
   137 00000184 8B 4D 08                        	MOV	ECX,DWORD [8+EBP]
   138 00000187 52                              	PUSH	EDX
   139 00000188 0F B6 85 FFFFFDF0               	MOVZX	EAX,BYTE [-528+EBP]
   140 0000018F 50                              	PUSH	EAX
   141 00000190 FF 71 04                        	PUSH	DWORD [4+ECX]
   142 00000193 FF 31                           	PUSH	DWORD [ECX]
   143 00000195 E8 [00000000]                   	CALL	_boxfill8
   144 0000019A 83 C4 1C                        	ADD	ESP,28
   145 0000019D                                 L21:
   146 0000019D 8B 8D FFFFFDEC                  	MOV	ECX,DWORD [-532+EBP]
   147 000001A3 8B 95 FFFFFDE8                  	MOV	EDX,DWORD [-536+EBP]
   148 000001A9 8D 41 10                        	LEA	EAX,DWORD [16+ECX]
   149 000001AC 50                              	PUSH	EAX
   150 000001AD 8D 42 08                        	LEA	EAX,DWORD [8+EDX]
   151 000001B0 50                              	PUSH	EAX
   152 000001B1 51                              	PUSH	ECX
   153 000001B2 52                              	PUSH	EDX
   154 000001B3 FF 75 08                        	PUSH	DWORD [8+EBP]
   155 000001B6 E8 [00000000]                   	CALL	_sheet_refresh
   156 000001BB 83 C4 14                        	ADD	ESP,20
   157 000001BE E9 FFFFFEF5                     	JMP	L2
   158 000001C3                                 L29:
   159 000001C3 6A 00                           	PUSH	0
   160 000001C5 8D 9D FFFFFDE4                  	LEA	EBX,DWORD [-540+EBP]
   161 000001CB 6A 20                           	PUSH	32
   162 000001CD 53                              	PUSH	EBX
   163 000001CE E8 00000119                     	CALL	_cons_putchar
   164 000001D3 53                              	PUSH	EBX
   165 000001D4 8B 85 FFFFFDE8                  	MOV	EAX,DWORD [-536+EBP]
   166 000001DA BA 00000008                     	MOV	EDX,8
   167 000001DF 89 D1                           	MOV	ECX,EDX
   168 000001E1 99                              	CDQ
   169 000001E2 F7 F9                           	IDIV	ECX
   170 000001E4 C6 84 05 FFFFFDC2 00            	MOV	BYTE [-574+EBP+EAX*1],0
   171 000001EC E8 0000019E                     	CALL	_cons_newline
   172 000001F1 8D 85 FFFFFDC4                  	LEA	EAX,DWORD [-572+EBP]
   173 000001F7 FF 75 0C                        	PUSH	DWORD [12+EBP]
   174 000001FA FF B5 FFFFFDBC                  	PUSH	DWORD [-580+EBP]
   175 00000200 53                              	PUSH	EBX
   176 00000201 50                              	PUSH	EAX
   177 00000202 E8 00000243                     	CALL	_cons_runcmd
   178 00000207 83 C4 20                        	ADD	ESP,32
   179 0000020A 6A 01                           	PUSH	1
   180 0000020C 6A 3E                           	PUSH	62
   181 0000020E 53                              	PUSH	EBX
   182 0000020F E9 FFFFFF4A                     	JMP	L22
   183 00000214                                 L28:
   184 00000214 83 BD FFFFFDE8 10               	CMP	DWORD [-536+EBP],16
   185 0000021B 0F 8E FFFFFF45                  	JLE	L14
   186 00000221 6A 00                           	PUSH	0
   187 00000223 8D 85 FFFFFDE4                  	LEA	EAX,DWORD [-540+EBP]
   188 00000229 6A 20                           	PUSH	32
   189 0000022B 50                              	PUSH	EAX
   190 0000022C E8 000000BB                     	CALL	_cons_putchar
   191 00000231 83 AD FFFFFDE8 08               	SUB	DWORD [-536+EBP],8
   192 00000238 E9 FFFFFF26                     	JMP	L23
   193 0000023D                                 L27:
   194 0000023D 8B 8D FFFFFDEC                  	MOV	ECX,DWORD [-532+EBP]
   195 00000243 8B 95 FFFFFDE8                  	MOV	EDX,DWORD [-536+EBP]
   196 00000249 8D 41 0F                        	LEA	EAX,DWORD [15+ECX]
   197 0000024C 50                              	PUSH	EAX
   198 0000024D 8D 42 07                        	LEA	EAX,DWORD [7+EDX]
   199 00000250 50                              	PUSH	EAX
   200 00000251 51                              	PUSH	ECX
   201 00000252 8B 4D 08                        	MOV	ECX,DWORD [8+EBP]
   202 00000255 52                              	PUSH	EDX
   203 00000256 6A 00                           	PUSH	0
   204 00000258 FF 71 04                        	PUSH	DWORD [4+ECX]
   205 0000025B FF 31                           	PUSH	DWORD [ECX]
   206 0000025D E8 [00000000]                   	CALL	_boxfill8
   207 00000262 83 C4 1C                        	ADD	ESP,28
   208 00000265 C7 85 FFFFFDF0 FFFFFFFF         	MOV	DWORD [-528+EBP],-1
   209 0000026F E9 FFFFFE8A                     	JMP	L13
   210 00000274                                 L26:
   211 00000274 C7 85 FFFFFDF0 00000007         	MOV	DWORD [-528+EBP],7
   212 0000027E E9 FFFFFE72                     	JMP	L12
   213 00000283                                 L25:
   214 00000283 85 F6                           	TEST	ESI,ESI
   215 00000285 74 2E                           	JE	L8
   216 00000287 6A 00                           	PUSH	0
   217 00000289 53                              	PUSH	EBX
   218 0000028A 57                              	PUSH	EDI
   219 0000028B E8 [00000000]                   	CALL	_timer_init
   220 00000290 83 C4 0C                        	ADD	ESP,12
   221 00000293 83 BD FFFFFDF0 00               	CMP	DWORD [-528+EBP],0
   222 0000029A 78 0A                           	JS	L10
   223 0000029C C7 85 FFFFFDF0 00000007         	MOV	DWORD [-528+EBP],7
   224 000002A6                                 L10:
   225 000002A6 6A 32                           	PUSH	50
   226 000002A8 57                              	PUSH	EDI
   227 000002A9 E8 [00000000]                   	CALL	_timer_settime
   228 000002AE 58                              	POP	EAX
   229 000002AF 5A                              	POP	EDX
   230 000002B0 E9 FFFFFE37                     	JMP	L7
   231 000002B5                                 L8:
   232 000002B5 6A 01                           	PUSH	1
   233 000002B7 53                              	PUSH	EBX
   234 000002B8 57                              	PUSH	EDI
   235 000002B9 E8 [00000000]                   	CALL	_timer_init
   236 000002BE 83 C4 0C                        	ADD	ESP,12
   237 000002C1 83 BD FFFFFDF0 00               	CMP	DWORD [-528+EBP],0
   238 000002C8 78 DC                           	JS	L10
   239 000002CA C7 85 FFFFFDF0 00000000         	MOV	DWORD [-528+EBP],0
   240 000002D4 EB D0                           	JMP	L10
   241 000002D6                                 L24:
   242 000002D6 FF B5 FFFFFDC0                  	PUSH	DWORD [-576+EBP]
   243 000002DC E8 [00000000]                   	CALL	_task_sleep
   244 000002E1 E8 [00000000]                   	CALL	_io_sti
   245 000002E6 5B                              	POP	EBX
   246 000002E7 E9 FFFFFDCC                     	JMP	L2
   247                                          [SECTION .data]
   248 00000000                                 LC0:
   249 00000000 20 00                           	DB	" ",0x00
   250                                          [SECTION .text]
   251 000002EC                                 	GLOBAL	_cons_putchar
   252 000002EC                                 _cons_putchar:
   253 000002EC 55                              	PUSH	EBP
   254 000002ED 89 E5                           	MOV	EBP,ESP
   255 000002EF 53                              	PUSH	EBX
   256 000002F0 50                              	PUSH	EAX
   257 000002F1 8B 45 0C                        	MOV	EAX,DWORD [12+EBP]
   258 000002F4 8A 55 10                        	MOV	DL,BYTE [16+EBP]
   259 000002F7 8B 5D 08                        	MOV	EBX,DWORD [8+EBP]
   260 000002FA 88 55 F9                        	MOV	BYTE [-7+EBP],DL
   261 000002FD 88 45 FA                        	MOV	BYTE [-6+EBP],AL
   262 00000300 3C 09                           	CMP	AL,9
   263 00000302 C6 45 FB 00                     	MOV	BYTE [-5+EBP],0
   264 00000306 74 46                           	JE	L32
   265 00000308 3C 0A                           	CMP	AL,10
   266 0000030A 74 39                           	JE	L44
   267 0000030C 3C 0D                           	CMP	AL,13
   268 0000030E 74 30                           	JE	L30
   269 00000310 6A 01                           	PUSH	1
   270 00000312 8D 45 FA                        	LEA	EAX,DWORD [-6+EBP]
   271 00000315 50                              	PUSH	EAX
   272 00000316 6A 00                           	PUSH	0
   273 00000318 6A 07                           	PUSH	7
   274 0000031A FF 73 08                        	PUSH	DWORD [8+EBX]
   275 0000031D FF 73 04                        	PUSH	DWORD [4+EBX]
   276 00000320 FF 33                           	PUSH	DWORD [EBX]
   277 00000322 E8 [00000000]                   	CALL	_putfonts8_asc_sht
   278 00000327 83 C4 1C                        	ADD	ESP,28
   279 0000032A 80 7D F9 00                     	CMP	BYTE [-7+EBP],0
   280 0000032E 74 10                           	JE	L30
   281 00000330 8B 43 04                        	MOV	EAX,DWORD [4+EBX]
   282 00000333 83 C0 08                        	ADD	EAX,8
   283 00000336 89 43 04                        	MOV	DWORD [4+EBX],EAX
   284 00000339 3D 000000F8                     	CMP	EAX,248
   285 0000033E 74 05                           	JE	L44
   286 00000340                                 L30:
   287 00000340 8B 5D FC                        	MOV	EBX,DWORD [-4+EBP]
   288 00000343 C9                              	LEAVE
   289 00000344 C3                              	RET
   290 00000345                                 L44:
   291 00000345 53                              	PUSH	EBX
   292 00000346 E8 00000044                     	CALL	_cons_newline
   293 0000034B 58                              	POP	EAX
   294 0000034C EB F2                           	JMP	L30
   295 0000034E                                 L32:
   296 0000034E 6A 01                           	PUSH	1
   297 00000350 68 [00000000]                   	PUSH	LC0
   298 00000355 6A 00                           	PUSH	0
   299 00000357 6A 07                           	PUSH	7
   300 00000359 FF 73 08                        	PUSH	DWORD [8+EBX]
   301 0000035C FF 73 04                        	PUSH	DWORD [4+EBX]
   302 0000035F FF 33                           	PUSH	DWORD [EBX]
   303 00000361 E8 [00000000]                   	CALL	_putfonts8_asc_sht
   304 00000366 83 C4 1C                        	ADD	ESP,28
   305 00000369 8B 43 04                        	MOV	EAX,DWORD [4+EBX]
   306 0000036C 83 C0 08                        	ADD	EAX,8
   307 0000036F 89 43 04                        	MOV	DWORD [4+EBX],EAX
   308 00000372 3D 000000F8                     	CMP	EAX,248
   309 00000377 74 0D                           	JE	L45
   310 00000379                                 L35:
   311 00000379 8B 43 04                        	MOV	EAX,DWORD [4+EBX]
   312 0000037C 83 E8 08                        	SUB	EAX,8
   313 0000037F 83 E0 1F                        	AND	EAX,31
   314 00000382 75 CA                           	JNE	L32
   315 00000384 EB BA                           	JMP	L30
   316 00000386                                 L45:
   317 00000386 53                              	PUSH	EBX
   318 00000387 E8 00000003                     	CALL	_cons_newline
   319 0000038C 58                              	POP	EAX
   320 0000038D EB EA                           	JMP	L35
   321 0000038F                                 	GLOBAL	_cons_newline
   322 0000038F                                 _cons_newline:
   323 0000038F 55                              	PUSH	EBP
   324 00000390 89 E5                           	MOV	EBP,ESP
   325 00000392 57                              	PUSH	EDI
   326 00000393 56                              	PUSH	ESI
   327 00000394 53                              	PUSH	EBX
   328 00000395 50                              	PUSH	EAX
   329 00000396 8B 45 08                        	MOV	EAX,DWORD [8+EBP]
   330 00000399 8B 55 08                        	MOV	EDX,DWORD [8+EBP]
   331 0000039C 8B 00                           	MOV	EAX,DWORD [EAX]
   332 0000039E 89 45 F0                        	MOV	DWORD [-16+EBP],EAX
   333 000003A1 8B 42 08                        	MOV	EAX,DWORD [8+EDX]
   334 000003A4 3D 0000008B                     	CMP	EAX,139
   335 000003A9 7F 18                           	JG	L47
   336 000003AB 83 C0 10                        	ADD	EAX,16
   337 000003AE 89 42 08                        	MOV	DWORD [8+EDX],EAX
   338 000003B1                                 L48:
   339 000003B1 8B 45 08                        	MOV	EAX,DWORD [8+EBP]
   340 000003B4 C7 40 04 00000008               	MOV	DWORD [4+EAX],8
   341 000003BB 8D 65 F4                        	LEA	ESP,DWORD [-12+EBP]
   342 000003BE 5B                              	POP	EBX
   343 000003BF 5E                              	POP	ESI
   344 000003C0 5F                              	POP	EDI
   345 000003C1 5D                              	POP	EBP
   346 000003C2 C3                              	RET
   347 000003C3                                 L47:
   348 000003C3 BF 0000001C                     	MOV	EDI,28
   349 000003C8                                 L58:
   350 000003C8 BE 00000008                     	MOV	ESI,8
   351 000003CD                                 L57:
   352 000003CD 8B 45 F0                        	MOV	EAX,DWORD [-16+EBP]
   353 000003D0 89 FA                           	MOV	EDX,EDI
   354 000003D2 8B 48 04                        	MOV	ECX,DWORD [4+EAX]
   355 000003D5 8B 18                           	MOV	EBX,DWORD [EAX]
   356 000003D7 8D 47 10                        	LEA	EAX,DWORD [16+EDI]
   357 000003DA 0F AF C1                        	IMUL	EAX,ECX
   358 000003DD 0F AF D1                        	IMUL	EDX,ECX
   359 000003E0 8D 04 30                        	LEA	EAX,DWORD [EAX+ESI*1]
   360 000003E3 8D 14 32                        	LEA	EDX,DWORD [EDX+ESI*1]
   361 000003E6 46                              	INC	ESI
   362 000003E7 8A 04 18                        	MOV	AL,BYTE [EAX+EBX*1]
   363 000003EA 81 FE 000000F7                  	CMP	ESI,247
   364 000003F0 88 04 1A                        	MOV	BYTE [EDX+EBX*1],AL
   365 000003F3 7E D8                           	JLE	L57
   366 000003F5 47                              	INC	EDI
   367 000003F6 81 FF 0000008B                  	CMP	EDI,139
   368 000003FC 7E CA                           	JLE	L58
   369 000003FE BF 0000008C                     	MOV	EDI,140
   370 00000403                                 L68:
   371 00000403 BE 00000008                     	MOV	ESI,8
   372 00000408                                 L67:
   373 00000408 8B 55 F0                        	MOV	EDX,DWORD [-16+EBP]
   374 0000040B 89 F8                           	MOV	EAX,EDI
   375 0000040D 89 D1                           	MOV	ECX,EDX
   376 0000040F 0F AF 42 04                     	IMUL	EAX,DWORD [4+EDX]
   377 00000413 8B 12                           	MOV	EDX,DWORD [EDX]
   378 00000415 8D 04 30                        	LEA	EAX,DWORD [EAX+ESI*1]
   379 00000418 46                              	INC	ESI
   380 00000419 81 FE 000000F7                  	CMP	ESI,247
   381 0000041F C6 04 10 00                     	MOV	BYTE [EAX+EDX*1],0
   382 00000423 7E E3                           	JLE	L67
   383 00000425 47                              	INC	EDI
   384 00000426 81 FF 0000009B                  	CMP	EDI,155
   385 0000042C 7E D5                           	JLE	L68
   386 0000042E 68 0000009C                     	PUSH	156
   387 00000433 68 000000F8                     	PUSH	248
   388 00000438 6A 1C                           	PUSH	28
   389 0000043A 6A 08                           	PUSH	8
   390 0000043C 51                              	PUSH	ECX
   391 0000043D E8 [00000000]                   	CALL	_sheet_refresh
   392 00000442 83 C4 14                        	ADD	ESP,20
   393 00000445 E9 FFFFFF67                     	JMP	L48
   394                                          [SECTION .data]
   395 00000002                                 LC1:
   396 00000002 6D 65 6D 00                     	DB	"mem",0x00
   397 00000006                                 LC2:
   398 00000006 63 6C 73 00                     	DB	"cls",0x00
   399 0000000A                                 LC3:
   400 0000000A 64 69 72 00                     	DB	"dir",0x00
   401 0000000E                                 LC4:
   402 0000000E 74 79 70 65 20 00               	DB	"type ",0x00
   403 00000014                                 LC5:
   404 00000014 42 61 64 20 63 6F 6D 6D 61 6E   	DB	"Bad command.",0x0A,0x0A,0x00
       0000001E 64 2E 0A 0A 00 
   405                                          [SECTION .text]
   406 0000044A                                 	GLOBAL	_cons_runcmd
   407 0000044A                                 _cons_runcmd:
   408 0000044A 55                              	PUSH	EBP
   409 0000044B 89 E5                           	MOV	EBP,ESP
   410 0000044D 57                              	PUSH	EDI
   411 0000044E 56                              	PUSH	ESI
   412 0000044F BF [00000002]                   	MOV	EDI,LC1
   413 00000454 53                              	PUSH	EBX
   414 00000455 83 EC 0C                        	SUB	ESP,12
   415 00000458 8B 45 08                        	MOV	EAX,DWORD [8+EBP]
   416 0000045B 8B 4D 10                        	MOV	ECX,DWORD [16+EBP]
   417 0000045E 89 45 E8                        	MOV	DWORD [-24+EBP],EAX
   418 00000461 89 4D F0                        	MOV	DWORD [-16+EBP],ECX
   419 00000464 8B 45 14                        	MOV	EAX,DWORD [20+EBP]
   420 00000467 8B 75 E8                        	MOV	ESI,DWORD [-24+EBP]
   421 0000046A 89 45 EC                        	MOV	DWORD [-20+EBP],EAX
   422 0000046D 8B 5D 0C                        	MOV	EBX,DWORD [12+EBP]
   423 00000470 B8 00000004                     	MOV	EAX,4
   424 00000475 FC                              	CLD
   425 00000476 89 C1                           	MOV	ECX,EAX
   426 00000478 F3                              	REPE
   427 00000479 A6                              	CMPSB
   428 0000047A 0F 84 000000AD                  	JE	L88
   429 00000480 B8 00000004                     	MOV	EAX,4
   430 00000485 8B 75 E8                        	MOV	ESI,DWORD [-24+EBP]
   431 00000488 FC                              	CLD
   432 00000489 BF [00000006]                   	MOV	EDI,LC2
   433 0000048E 89 C1                           	MOV	ECX,EAX
   434 00000490 F3                              	REPE
   435 00000491 A6                              	CMPSB
   436 00000492 0F 84 00000089                  	JE	L89
   437 00000498 B8 00000004                     	MOV	EAX,4
   438 0000049D 8B 75 E8                        	MOV	ESI,DWORD [-24+EBP]
   439 000004A0 FC                              	CLD
   440 000004A1 BF [0000000A]                   	MOV	EDI,LC3
   441 000004A6 89 C1                           	MOV	ECX,EAX
   442 000004A8 F3                              	REPE
   443 000004A9 A6                              	CMPSB
   444 000004AA 74 66                           	JE	L90
   445 000004AC B8 00000005                     	MOV	EAX,5
   446 000004B1 8B 75 E8                        	MOV	ESI,DWORD [-24+EBP]
   447 000004B4 FC                              	CLD
   448 000004B5 BF [0000000E]                   	MOV	EDI,LC4
   449 000004BA 89 C1                           	MOV	ECX,EAX
   450 000004BC F3                              	REPE
   451 000004BD A6                              	CMPSB
   452 000004BE 74 37                           	JE	L91
   453 000004C0 8B 45 E8                        	MOV	EAX,DWORD [-24+EBP]
   454 000004C3 80 38 00                        	CMP	BYTE [EAX],0
   455 000004C6 75 08                           	JNE	L92
   456 000004C8                                 L77:
   457 000004C8 8D 65 F4                        	LEA	ESP,DWORD [-12+EBP]
   458 000004CB 5B                              	POP	EBX
   459 000004CC 5E                              	POP	ESI
   460 000004CD 5F                              	POP	EDI
   461 000004CE 5D                              	POP	EBP
   462 000004CF C3                              	RET
   463 000004D0                                 L92:
   464 000004D0 50                              	PUSH	EAX
   465 000004D1 FF 75 F0                        	PUSH	DWORD [-16+EBP]
   466 000004D4 53                              	PUSH	EBX
   467 000004D5 E8 0000021E                     	CALL	_cmd_app
   468 000004DA 83 C4 0C                        	ADD	ESP,12
   469 000004DD 85 C0                           	TEST	EAX,EAX
   470 000004DF 75 E7                           	JNE	L77
   471 000004E1 C7 45 0C [00000014]             	MOV	DWORD [12+EBP],LC5
   472 000004E8 89 5D 08                        	MOV	DWORD [8+EBP],EBX
   473 000004EB 8D 65 F4                        	LEA	ESP,DWORD [-12+EBP]
   474 000004EE 5B                              	POP	EBX
   475 000004EF 5E                              	POP	ESI
   476 000004F0 5F                              	POP	EDI
   477 000004F1 5D                              	POP	EBP
   478 000004F2 E9 000002EE                     	JMP	_cons_putstr0
   479 000004F7                                 L91:
   480 000004F7 8B 45 E8                        	MOV	EAX,DWORD [-24+EBP]
   481 000004FA 8B 4D F0                        	MOV	ECX,DWORD [-16+EBP]
   482 000004FD 89 45 10                        	MOV	DWORD [16+EBP],EAX
   483 00000500 89 4D 0C                        	MOV	DWORD [12+EBP],ECX
   484 00000503 89 5D 08                        	MOV	DWORD [8+EBP],EBX
   485 00000506 8D 65 F4                        	LEA	ESP,DWORD [-12+EBP]
   486 00000509 5B                              	POP	EBX
   487 0000050A 5E                              	POP	ESI
   488 0000050B 5F                              	POP	EDI
   489 0000050C 5D                              	POP	EBP
   490 0000050D E9 00000156                     	JMP	_cmd_type
   491 00000512                                 L90:
   492 00000512 89 5D 08                        	MOV	DWORD [8+EBP],EBX
   493 00000515 8D 65 F4                        	LEA	ESP,DWORD [-12+EBP]
   494 00000518 5B                              	POP	EBX
   495 00000519 5E                              	POP	ESI
   496 0000051A 5F                              	POP	EDI
   497 0000051B 5D                              	POP	EBP
   498 0000051C E9 000000B1                     	JMP	_cmd_dir
   499 00000521                                 L89:
   500 00000521 89 5D 08                        	MOV	DWORD [8+EBP],EBX
   501 00000524 8D 65 F4                        	LEA	ESP,DWORD [-12+EBP]
   502 00000527 5B                              	POP	EBX
   503 00000528 5E                              	POP	ESI
   504 00000529 5F                              	POP	EDI
   505 0000052A 5D                              	POP	EBP
   506 0000052B EB 4C                           	JMP	_cmd_cls
   507 0000052D                                 L88:
   508 0000052D 8B 45 EC                        	MOV	EAX,DWORD [-20+EBP]
   509 00000530 89 5D 08                        	MOV	DWORD [8+EBP],EBX
   510 00000533 89 45 0C                        	MOV	DWORD [12+EBP],EAX
   511 00000536 8D 65 F4                        	LEA	ESP,DWORD [-12+EBP]
   512 00000539 5B                              	POP	EBX
   513 0000053A 5E                              	POP	ESI
   514 0000053B 5F                              	POP	EDI
   515 0000053C 5D                              	POP	EBP
   516 0000053D EB 00                           	JMP	_cmd_mem
   517                                          [SECTION .data]
   518 00000023                                 LC6:
   519 00000023 74 6F 74 61 6C 20 20 20 25 64   	DB	"total   %dMB",0x0A,"free",0x09,"%dKB",0x0A,0x0A,0x00
       0000002D 4D 42 0A 66 72 65 65 09 25 64 
       00000037 4B 42 0A 0A 00 
   520                                          [SECTION .text]
   521 0000053F                                 	GLOBAL	_cmd_mem
   522 0000053F                                 _cmd_mem:
   523 0000053F 55                              	PUSH	EBP
   524 00000540 89 E5                           	MOV	EBP,ESP
   525 00000542 53                              	PUSH	EBX
   526 00000543 83 EC 40                        	SUB	ESP,64
   527 00000546 8B 5D 0C                        	MOV	EBX,DWORD [12+EBP]
   528 00000549 C1 EB 14                        	SHR	EBX,20
   529 0000054C 68 003C0000                     	PUSH	3932160
   530 00000551 E8 [00000000]                   	CALL	_memman_total
   531 00000556 C1 E8 0A                        	SHR	EAX,10
   532 00000559 89 04 24                        	MOV	DWORD [ESP],EAX
   533 0000055C 53                              	PUSH	EBX
   534 0000055D 68 [00000023]                   	PUSH	LC6
   535 00000562 8D 5D BC                        	LEA	EBX,DWORD [-68+EBP]
   536 00000565 53                              	PUSH	EBX
   537 00000566 E8 [00000000]                   	CALL	_sprintf
   538 0000056B 53                              	PUSH	EBX
   539 0000056C FF 75 08                        	PUSH	DWORD [8+EBP]
   540 0000056F E8 00000271                     	CALL	_cons_putstr0
   541 00000574 8B 5D FC                        	MOV	EBX,DWORD [-4+EBP]
   542 00000577 C9                              	LEAVE
   543 00000578 C3                              	RET
   544 00000579                                 	GLOBAL	_cmd_cls
   545 00000579                                 _cmd_cls:
   546 00000579 55                              	PUSH	EBP
   547 0000057A 89 E5                           	MOV	EBP,ESP
   548 0000057C 57                              	PUSH	EDI
   549 0000057D 56                              	PUSH	ESI
   550 0000057E BE 0000001C                     	MOV	ESI,28
   551 00000583 8B 7D 08                        	MOV	EDI,DWORD [8+EBP]
   552 00000586 53                              	PUSH	EBX
   553 00000587 8B 1F                           	MOV	EBX,DWORD [EDI]
   554 00000589                                 L104:
   555 00000589 B9 00000008                     	MOV	ECX,8
   556 0000058E                                 L103:
   557 0000058E 89 F0                           	MOV	EAX,ESI
   558 00000590 8B 13                           	MOV	EDX,DWORD [EBX]
   559 00000592 0F AF 43 04                     	IMUL	EAX,DWORD [4+EBX]
   560 00000596 8D 04 08                        	LEA	EAX,DWORD [EAX+ECX*1]
   561 00000599 41                              	INC	ECX
   562 0000059A 81 F9 000000F7                  	CMP	ECX,247
   563 000005A0 C6 04 10 00                     	MOV	BYTE [EAX+EDX*1],0
   564 000005A4 7E E8                           	JLE	L103
   565 000005A6 46                              	INC	ESI
   566 000005A7 81 FE 0000009B                  	CMP	ESI,155
   567 000005AD 7E DA                           	JLE	L104
   568 000005AF 68 0000009C                     	PUSH	156
   569 000005B4 68 000000F8                     	PUSH	248
   570 000005B9 6A 1C                           	PUSH	28
   571 000005BB 6A 08                           	PUSH	8
   572 000005BD 53                              	PUSH	EBX
   573 000005BE E8 [00000000]                   	CALL	_sheet_refresh
   574 000005C3 C7 47 08 0000001C               	MOV	DWORD [8+EDI],28
   575 000005CA 8D 65 F4                        	LEA	ESP,DWORD [-12+EBP]
   576 000005CD 5B                              	POP	EBX
   577 000005CE 5E                              	POP	ESI
   578 000005CF 5F                              	POP	EDI
   579 000005D0 5D                              	POP	EBP
   580 000005D1 C3                              	RET
   581                                          [SECTION .data]
   582 0000003C                                 LC7:
   583 0000003C 66 69 6C 65 6E 61 6D 65 2E 65   	DB	"filename.ext   %7d",0x00
       00000046 78 74 20 20 20 25 37 64 00 
   584                                          [SECTION .text]
   585 000005D2                                 	GLOBAL	_cmd_dir
   586 000005D2                                 _cmd_dir:
   587 000005D2 55                              	PUSH	EBP
   588 000005D3 89 E5                           	MOV	EBP,ESP
   589 000005D5 57                              	PUSH	EDI
   590 000005D6 56                              	PUSH	ESI
   591 000005D7 31 F6                           	XOR	ESI,ESI
   592 000005D9 53                              	PUSH	EBX
   593 000005DA 31 DB                           	XOR	EBX,EBX
   594 000005DC 83 EC 20                        	SUB	ESP,32
   595 000005DF 8B 7D 08                        	MOV	EDI,DWORD [8+EBP]
   596 000005E2                                 L122:
   597 000005E2 8A 83 00102600                  	MOV	AL,BYTE [1058304+EBX]
   598 000005E8 84 C0                           	TEST	AL,AL
   599 000005EA 74 19                           	JE	L111
   600 000005EC 3C E5                           	CMP	AL,-27
   601 000005EE 74 09                           	JE	L112
   602 000005F0 F6 83 0010260B 18               	TEST	BYTE [1058315+EBX],24
   603 000005F7 74 1A                           	JE	L126
   604 000005F9                                 L112:
   605 000005F9 46                              	INC	ESI
   606 000005FA 83 C3 20                        	ADD	EBX,32
   607 000005FD 81 FE 000000DF                  	CMP	ESI,223
   608 00000603 7E DD                           	JLE	L122
   609 00000605                                 L111:
   610 00000605 57                              	PUSH	EDI
   611 00000606 E8 FFFFFD84                     	CALL	_cons_newline
   612 0000060B 8D 65 F4                        	LEA	ESP,DWORD [-12+EBP]
   613 0000060E 5B                              	POP	EBX
   614 0000060F 5E                              	POP	ESI
   615 00000610 5F                              	POP	EDI
   616 00000611 5D                              	POP	EBP
   617 00000612 C3                              	RET
   618 00000613                                 L126:
   619 00000613 FF B3 0010261C                  	PUSH	DWORD [1058332+EBX]
   620 00000619 68 [0000003C]                   	PUSH	LC7
   621 0000061E 8D 45 D4                        	LEA	EAX,DWORD [-44+EBP]
   622 00000621 50                              	PUSH	EAX
   623 00000622 E8 [00000000]                   	CALL	_sprintf
   624 00000627 8D 93 00102600                  	LEA	EDX,DWORD [1058304+EBX]
   625 0000062D 31 C9                           	XOR	ECX,ECX
   626 0000062F 83 C4 0C                        	ADD	ESP,12
   627 00000632                                 L121:
   628 00000632 8A 02                           	MOV	AL,BYTE [EDX]
   629 00000634 42                              	INC	EDX
   630 00000635 88 44 0D D4                     	MOV	BYTE [-44+EBP+ECX*1],AL
   631 00000639 41                              	INC	ECX
   632 0000063A 83 F9 07                        	CMP	ECX,7
   633 0000063D 7E F3                           	JLE	L121
   634 0000063F 8A 83 00102608                  	MOV	AL,BYTE [1058312+EBX]
   635 00000645 88 45 DD                        	MOV	BYTE [-35+EBP],AL
   636 00000648 8A 83 00102609                  	MOV	AL,BYTE [1058313+EBX]
   637 0000064E 88 45 DE                        	MOV	BYTE [-34+EBP],AL
   638 00000651 8A 83 0010260A                  	MOV	AL,BYTE [1058314+EBX]
   639 00000657 88 45 DF                        	MOV	BYTE [-33+EBP],AL
   640 0000065A 8D 45 D4                        	LEA	EAX,DWORD [-44+EBP]
   641 0000065D 50                              	PUSH	EAX
   642 0000065E 57                              	PUSH	EDI
   643 0000065F E8 00000181                     	CALL	_cons_putstr0
   644 00000664 58                              	POP	EAX
   645 00000665 5A                              	POP	EDX
   646 00000666 EB 91                           	JMP	L112
   647                                          [SECTION .data]
   648 0000004F                                 LC8:
   649 0000004F 46 69 6C 65 20 6E 6F 74 20 66   	DB	"File not found.",0x0A,0x00
       00000059 6F 75 6E 64 2E 0A 00 
   650                                          [SECTION .text]
   651 00000668                                 	GLOBAL	_cmd_type
   652 00000668                                 _cmd_type:
   653 00000668 55                              	PUSH	EBP
   654 00000669 89 E5                           	MOV	EBP,ESP
   655 0000066B 57                              	PUSH	EDI
   656 0000066C 56                              	PUSH	ESI
   657 0000066D 53                              	PUSH	EBX
   658 0000066E 56                              	PUSH	ESI
   659 0000066F 8B 45 0C                        	MOV	EAX,DWORD [12+EBP]
   660 00000672 8B 7D 08                        	MOV	EDI,DWORD [8+EBP]
   661 00000675 89 45 F0                        	MOV	DWORD [-16+EBP],EAX
   662 00000678 68 000000E0                     	PUSH	224
   663 0000067D 68 00102600                     	PUSH	1058304
   664 00000682 8B 45 10                        	MOV	EAX,DWORD [16+EBP]
   665 00000685 83 C0 05                        	ADD	EAX,5
   666 00000688 50                              	PUSH	EAX
   667 00000689 E8 [00000000]                   	CALL	_file_search
   668 0000068E 83 C4 0C                        	ADD	ESP,12
   669 00000691 89 C6                           	MOV	ESI,EAX
   670 00000693 85 C0                           	TEST	EAX,EAX
   671 00000695 74 52                           	JE	L128
   672 00000697 FF 70 1C                        	PUSH	DWORD [28+EAX]
   673 0000069A 68 003C0000                     	PUSH	3932160
   674 0000069F E8 [00000000]                   	CALL	_memman_alloc_4k
   675 000006A4 68 00103E00                     	PUSH	1064448
   676 000006A9 FF 75 F0                        	PUSH	DWORD [-16+EBP]
   677 000006AC 50                              	PUSH	EAX
   678 000006AD 89 C3                           	MOV	EBX,EAX
   679 000006AF FF 76 1C                        	PUSH	DWORD [28+ESI]
   680 000006B2 0F B7 46 1A                     	MOVZX	EAX,WORD [26+ESI]
   681 000006B6 50                              	PUSH	EAX
   682 000006B7 E8 [00000000]                   	CALL	_file_loadfile
   683 000006BC FF 76 1C                        	PUSH	DWORD [28+ESI]
   684 000006BF 53                              	PUSH	EBX
   685 000006C0 57                              	PUSH	EDI
   686 000006C1 E8 0000014D                     	CALL	_cons_putstr1
   687 000006C6 83 C4 28                        	ADD	ESP,40
   688 000006C9 FF 76 1C                        	PUSH	DWORD [28+ESI]
   689 000006CC 53                              	PUSH	EBX
   690 000006CD 68 003C0000                     	PUSH	3932160
   691 000006D2 E8 [00000000]                   	CALL	_memman_free_4k
   692 000006D7 83 C4 0C                        	ADD	ESP,12
   693 000006DA                                 L129:
   694 000006DA 89 7D 08                        	MOV	DWORD [8+EBP],EDI
   695 000006DD 8D 65 F4                        	LEA	ESP,DWORD [-12+EBP]
   696 000006E0 5B                              	POP	EBX
   697 000006E1 5E                              	POP	ESI
   698 000006E2 5F                              	POP	EDI
   699 000006E3 5D                              	POP	EBP
   700 000006E4 E9 FFFFFCA6                     	JMP	_cons_newline
   701 000006E9                                 L128:
   702 000006E9 68 [0000004F]                   	PUSH	LC8
   703 000006EE 57                              	PUSH	EDI
   704 000006EF E8 000000F1                     	CALL	_cons_putstr0
   705 000006F4 59                              	POP	ECX
   706 000006F5 5B                              	POP	EBX
   707 000006F6 EB E2                           	JMP	L129
   708 000006F8                                 	GLOBAL	_cmd_app
   709 000006F8                                 _cmd_app:
   710 000006F8 55                              	PUSH	EBP
   711 000006F9 89 E5                           	MOV	EBP,ESP
   712 000006FB 57                              	PUSH	EDI
   713 000006FC 56                              	PUSH	ESI
   714 000006FD 53                              	PUSH	EBX
   715 000006FE 31 DB                           	XOR	EBX,EBX
   716 00000700 83 EC 20                        	SUB	ESP,32
   717 00000703 8B 55 10                        	MOV	EDX,DWORD [16+EBP]
   718 00000706                                 L136:
   719 00000706 8A 04 13                        	MOV	AL,BYTE [EBX+EDX*1]
   720 00000709 3C 20                           	CMP	AL,32
   721 0000070B 7E 0A                           	JLE	L132
   722 0000070D 88 44 1D D4                     	MOV	BYTE [-44+EBP+EBX*1],AL
   723 00000711 43                              	INC	EBX
   724 00000712 83 FB 0C                        	CMP	EBX,12
   725 00000715 7E EF                           	JLE	L136
   726 00000717                                 L132:
   727 00000717 68 000000E0                     	PUSH	224
   728 0000071C 8D 7D D4                        	LEA	EDI,DWORD [-44+EBP]
   729 0000071F 68 00102600                     	PUSH	1058304
   730 00000724 57                              	PUSH	EDI
   731 00000725 C6 44 1D D4 00                  	MOV	BYTE [-44+EBP+EBX*1],0
   732 0000072A E8 [00000000]                   	CALL	_file_search
   733 0000072F 83 C4 0C                        	ADD	ESP,12
   734 00000732 89 C6                           	MOV	ESI,EAX
   735 00000734 85 C0                           	TEST	EAX,EAX
   736 00000736 74 6C                           	JE	L141
   737 00000738                                 L140:
   738 00000738 FF 76 1C                        	PUSH	DWORD [28+ESI]
   739 0000073B 68 003C0000                     	PUSH	3932160
   740 00000740 E8 [00000000]                   	CALL	_memman_alloc_4k
   741 00000745 68 00103E00                     	PUSH	1064448
   742 0000074A FF 75 0C                        	PUSH	DWORD [12+EBP]
   743 0000074D 50                              	PUSH	EAX
   744 0000074E 89 C3                           	MOV	EBX,EAX
   745 00000750 FF 76 1C                        	PUSH	DWORD [28+ESI]
   746 00000753 0F B7 46 1A                     	MOVZX	EAX,WORD [26+ESI]
   747 00000757 50                              	PUSH	EAX
   748 00000758 E8 [00000000]                   	CALL	_file_loadfile
   749 0000075D 68 0000409A                     	PUSH	16538
   750 00000762 53                              	PUSH	EBX
   751 00000763 8B 46 1C                        	MOV	EAX,DWORD [28+ESI]
   752 00000766 48                              	DEC	EAX
   753 00000767 50                              	PUSH	EAX
   754 00000768 68 00271F58                     	PUSH	2563928
   755 0000076D E8 [00000000]                   	CALL	_set_segmdesc
   756 00000772 83 C4 2C                        	ADD	ESP,44
   757 00000775 68 00001F58                     	PUSH	8024
   758 0000077A 6A 00                           	PUSH	0
   759 0000077C E8 [00000000]                   	CALL	_farcall
   760 00000781 FF 76 1C                        	PUSH	DWORD [28+ESI]
   761 00000784 53                              	PUSH	EBX
   762 00000785 68 003C0000                     	PUSH	3932160
   763 0000078A E8 [00000000]                   	CALL	_memman_free_4k
   764 0000078F FF 75 08                        	PUSH	DWORD [8+EBP]
   765 00000792 E8 FFFFFBF8                     	CALL	_cons_newline
   766 00000797 B8 00000001                     	MOV	EAX,1
   767 0000079C                                 L130:
   768 0000079C 8D 65 F4                        	LEA	ESP,DWORD [-12+EBP]
   769 0000079F 5B                              	POP	EBX
   770 000007A0 5E                              	POP	ESI
   771 000007A1 5F                              	POP	EDI
   772 000007A2 5D                              	POP	EBP
   773 000007A3 C3                              	RET
   774 000007A4                                 L141:
   775 000007A4 80 7C 1D D3 2E                  	CMP	BYTE [-45+EBP+EBX*1],46
   776 000007A9 74 2E                           	JE	L137
   777 000007AB 68 000000E0                     	PUSH	224
   778 000007B0 68 00102600                     	PUSH	1058304
   779 000007B5 57                              	PUSH	EDI
   780 000007B6 C6 44 1D D4 2E                  	MOV	BYTE [-44+EBP+EBX*1],46
   781 000007BB C6 44 1D D5 48                  	MOV	BYTE [-43+EBP+EBX*1],72
   782 000007C0 C6 44 1D D6 52                  	MOV	BYTE [-42+EBP+EBX*1],82
   783 000007C5 C6 44 1D D7 42                  	MOV	BYTE [-41+EBP+EBX*1],66
   784 000007CA C6 44 1D D8 00                  	MOV	BYTE [-40+EBP+EBX*1],0
   785 000007CF E8 [00000000]                   	CALL	_file_search
   786 000007D4 83 C4 0C                        	ADD	ESP,12
   787 000007D7 89 C6                           	MOV	ESI,EAX
   788 000007D9                                 L137:
   789 000007D9 85 F6                           	TEST	ESI,ESI
   790 000007DB 0F 85 FFFFFF57                  	JNE	L140
   791 000007E1 31 C0                           	XOR	EAX,EAX
   792 000007E3 EB B7                           	JMP	L130
   793 000007E5                                 	GLOBAL	_cons_putstr0
   794 000007E5                                 _cons_putstr0:
   795 000007E5 55                              	PUSH	EBP
   796 000007E6 89 E5                           	MOV	EBP,ESP
   797 000007E8 56                              	PUSH	ESI
   798 000007E9 53                              	PUSH	EBX
   799 000007EA 8B 5D 0C                        	MOV	EBX,DWORD [12+EBP]
   800 000007ED 8B 75 08                        	MOV	ESI,DWORD [8+EBP]
   801 000007F0 80 3B 00                        	CMP	BYTE [EBX],0
   802 000007F3 75 07                           	JNE	L147
   803 000007F5                                 L149:
   804 000007F5 8D 65 F8                        	LEA	ESP,DWORD [-8+EBP]
   805 000007F8 5B                              	POP	EBX
   806 000007F9 5E                              	POP	ESI
   807 000007FA 5D                              	POP	EBP
   808 000007FB C3                              	RET
   809 000007FC                                 L147:
   810 000007FC 6A 01                           	PUSH	1
   811 000007FE 0F BE 03                        	MOVSX	EAX,BYTE [EBX]
   812 00000801 50                              	PUSH	EAX
   813 00000802 43                              	INC	EBX
   814 00000803 56                              	PUSH	ESI
   815 00000804 E8 FFFFFAE3                     	CALL	_cons_putchar
   816 00000809 83 C4 0C                        	ADD	ESP,12
   817 0000080C 80 3B 00                        	CMP	BYTE [EBX],0
   818 0000080F 75 EB                           	JNE	L147
   819 00000811 EB E2                           	JMP	L149
   820 00000813                                 	GLOBAL	_cons_putstr1
   821 00000813                                 _cons_putstr1:
   822 00000813 55                              	PUSH	EBP
   823 00000814 89 E5                           	MOV	EBP,ESP
   824 00000816 57                              	PUSH	EDI
   825 00000817 56                              	PUSH	ESI
   826 00000818 53                              	PUSH	EBX
   827 00000819 8B 75 10                        	MOV	ESI,DWORD [16+EBP]
   828 0000081C 31 DB                           	XOR	EBX,EBX
   829 0000081E 8B 7D 0C                        	MOV	EDI,DWORD [12+EBP]
   830 00000821 39 F3                           	CMP	EBX,ESI
   831 00000823 7C 08                           	JL	L155
   832 00000825                                 L157:
   833 00000825 8D 65 F4                        	LEA	ESP,DWORD [-12+EBP]
   834 00000828 5B                              	POP	EBX
   835 00000829 5E                              	POP	ESI
   836 0000082A 5F                              	POP	EDI
   837 0000082B 5D                              	POP	EBP
   838 0000082C C3                              	RET
   839 0000082D                                 L155:
   840 0000082D 6A 01                           	PUSH	1
   841 0000082F 0F BE 04 3B                     	MOVSX	EAX,BYTE [EBX+EDI*1]
   842 00000833 50                              	PUSH	EAX
   843 00000834 43                              	INC	EBX
   844 00000835 FF 75 08                        	PUSH	DWORD [8+EBP]
   845 00000838 E8 FFFFFAAF                     	CALL	_cons_putchar
   846 0000083D 83 C4 0C                        	ADD	ESP,12
   847 00000840 39 F3                           	CMP	EBX,ESI
   848 00000842 7C E9                           	JL	L155
   849 00000844 EB DF                           	JMP	L157
   850 00000846                                 	GLOBAL	_hrb_api
   851 00000846                                 _hrb_api:
   852 00000846 55                              	PUSH	EBP
   853 00000847 89 E5                           	MOV	EBP,ESP
   854 00000849 56                              	PUSH	ESI
   855 0000084A 53                              	PUSH	EBX
   856 0000084B 8B 55 1C                        	MOV	EDX,DWORD [28+EBP]
   857 0000084E 8B 5D 18                        	MOV	EBX,DWORD [24+EBP]
   858 00000851 8B 75 20                        	MOV	ESI,DWORD [32+EBP]
   859 00000854 8B 45 24                        	MOV	EAX,DWORD [36+EBP]
   860 00000857 8B 0D 00000FEC                  	MOV	ECX,DWORD [4076]
   861 0000085D 83 FA 01                        	CMP	EDX,1
   862 00000860 74 2A                           	JE	L164
   863 00000862 83 FA 02                        	CMP	EDX,2
   864 00000865 74 17                           	JE	L165
   865 00000867 83 FA 03                        	CMP	EDX,3
   866 0000086A 74 04                           	JE	L166
   867 0000086C 5B                              	POP	EBX
   868 0000086D 5E                              	POP	ESI
   869 0000086E 5D                              	POP	EBP
   870 0000086F C3                              	RET
   871 00000870                                 L166:
   872 00000870 89 75 10                        	MOV	DWORD [16+EBP],ESI
   873 00000873 89 5D 0C                        	MOV	DWORD [12+EBP],EBX
   874 00000876 89 4D 08                        	MOV	DWORD [8+EBP],ECX
   875 00000879 5B                              	POP	EBX
   876 0000087A 5E                              	POP	ESI
   877 0000087B 5D                              	POP	EBP
   878 0000087C EB 95                           	JMP	_cons_putstr1
   879 0000087E                                 L165:
   880 0000087E 89 5D 0C                        	MOV	DWORD [12+EBP],EBX
   881 00000881 89 4D 08                        	MOV	DWORD [8+EBP],ECX
   882 00000884 5B                              	POP	EBX
   883 00000885 5E                              	POP	ESI
   884 00000886 5D                              	POP	EBP
   885 00000887 E9 FFFFFF59                     	JMP	_cons_putstr0
   886 0000088C                                 L164:
   887 0000088C 25 000000FF                     	AND	EAX,255
   888 00000891 89 4D 08                        	MOV	DWORD [8+EBP],ECX
   889 00000894 C7 45 10 00000001               	MOV	DWORD [16+EBP],1
   890 0000089B 89 45 0C                        	MOV	DWORD [12+EBP],EAX
   891 0000089E 5B                              	POP	EBX
   892 0000089F 5E                              	POP	ESI
   893 000008A0 5D                              	POP	EBP
   894 000008A1 E9 FFFFFA46                     	JMP	_cons_putchar
