     1 00000000                                 [FORMAT "WCOFF"]
     2 00000000                                 [INSTRSET "i486p"]
     3 00000000                                 [OPTIMIZE 1]
     4 00000000                                 [OPTION 1]
     5 00000000                                 [BITS 32]
     6 00000000                                 	EXTERN	_api_initmalloc
     7 00000000                                 	EXTERN	_api_malloc
     8 00000000                                 	EXTERN	_api_openwin
     9 00000000                                 	EXTERN	_api_boxfilwin
    10 00000000                                 	EXTERN	_api_linewin
    11 00000000                                 	EXTERN	_api_refreshwin
    12 00000000                                 	EXTERN	_api_closewin
    13 00000000                                 	EXTERN	_api_end
    14 00000000                                 [FILE "lines.c"]
    15                                          [SECTION .data]
    16 00000000                                 LC0:
    17 00000000 4C 69 6E 65 73 00               	DB	"Lines",0x00
    18                                          [SECTION .text]
    19 00000000                                 	GLOBAL	_HariMain
    20 00000000                                 _HariMain:
    21 00000000 55                              	PUSH	EBP
    22 00000001 89 E5                           	MOV	EBP,ESP
    23 00000003 57                              	PUSH	EDI
    24 00000004 56                              	PUSH	ESI
    25 00000005 31 FF                           	XOR	EDI,EDI
    26 00000007 53                              	PUSH	EBX
    27 00000008 50                              	PUSH	EAX
    28 00000009 E8 [00000000]                   	CALL	_api_initmalloc
    29 0000000E 68 00003E80                     	PUSH	16000
    30 00000013 E8 [00000000]                   	CALL	_api_malloc
    31 00000018 68 [00000000]                   	PUSH	LC0
    32 0000001D 6A FF                           	PUSH	-1
    33 0000001F 6A 64                           	PUSH	100
    34 00000021 68 000000A0                     	PUSH	160
    35 00000026 50                              	PUSH	EAX
    36 00000027 E8 [00000000]                   	CALL	_api_openwin
    37 0000002C 6A 00                           	PUSH	0
    38 0000002E 6A 5D                           	PUSH	93
    39 00000030 89 C6                           	MOV	ESI,EAX
    40 00000032 68 0000008F                     	PUSH	143
    41 00000037 8D 40 01                        	LEA	EAX,DWORD [1+EAX]
    42 0000003A 6A 1A                           	PUSH	26
    43 0000003C 6A 06                           	PUSH	6
    44 0000003E 50                              	PUSH	EAX
    45 0000003F E8 [00000000]                   	CALL	_api_boxfilwin
    46 00000044 83 C4 30                        	ADD	ESP,48
    47 00000047 C7 45 F0 00000000               	MOV	DWORD [-16+EBP],0
    48 0000004E                                 L6:
    49 0000004E 57                              	PUSH	EDI
    50 0000004F 8D 5E 01                        	LEA	EBX,DWORD [1+ESI]
    51 00000052 8B 45 F0                        	MOV	EAX,DWORD [-16+EBP]
    52 00000055 83 C0 1A                        	ADD	EAX,26
    53 00000058 50                              	PUSH	EAX
    54 00000059 6A 4D                           	PUSH	77
    55 0000005B 6A 1A                           	PUSH	26
    56 0000005D 6A 08                           	PUSH	8
    57 0000005F 53                              	PUSH	EBX
    58 00000060 E8 [00000000]                   	CALL	_api_linewin
    59 00000065 57                              	PUSH	EDI
    60 00000066 6A 59                           	PUSH	89
    61 00000068 47                              	INC	EDI
    62 00000069 8B 45 F0                        	MOV	EAX,DWORD [-16+EBP]
    63 0000006C 83 C0 58                        	ADD	EAX,88
    64 0000006F 50                              	PUSH	EAX
    65 00000070 6A 1A                           	PUSH	26
    66 00000072 6A 58                           	PUSH	88
    67 00000074 53                              	PUSH	EBX
    68 00000075 E8 [00000000]                   	CALL	_api_linewin
    69 0000007A 83 C4 30                        	ADD	ESP,48
    70 0000007D 83 45 F0 09                     	ADD	DWORD [-16+EBP],9
    71 00000081 83 FF 07                        	CMP	EDI,7
    72 00000084 7E C8                           	JLE	L6
    73 00000086 6A 5A                           	PUSH	90
    74 00000088 68 0000009A                     	PUSH	154
    75 0000008D 6A 1A                           	PUSH	26
    76 0000008F 6A 06                           	PUSH	6
    77 00000091 56                              	PUSH	ESI
    78 00000092 E8 [00000000]                   	CALL	_api_refreshwin
    79 00000097 56                              	PUSH	ESI
    80 00000098 E8 [00000000]                   	CALL	_api_closewin
    81 0000009D 83 C4 18                        	ADD	ESP,24
    82 000000A0 8D 65 F4                        	LEA	ESP,DWORD [-12+EBP]
    83 000000A3 5B                              	POP	EBX
    84 000000A4 5E                              	POP	ESI
    85 000000A5 5F                              	POP	EDI
    86 000000A6 5D                              	POP	EBP
    87 000000A7 E9 [00000000]                   	JMP	_api_end
